// Jest Snapshot v1, https://goo.gl/fbAQLP

exports[`EpisodeCard Component should renders correctly 1`] = `
Object {
  "asFragment": [Function],
  "baseElement": <body>
    <div
      id="chakra-toast-portal"
    >
      <ul
        id="chakra-toast-manager-top"
        style="position: fixed; z-index: 5500; pointer-events: none; display: flex; flex-direction: column; margin: 0px auto;"
      />
      <ul
        id="chakra-toast-manager-top-left"
        style="position: fixed; z-index: 5500; pointer-events: none; display: flex; flex-direction: column;"
      />
      <ul
        id="chakra-toast-manager-top-right"
        style="position: fixed; z-index: 5500; pointer-events: none; display: flex; flex-direction: column;"
      />
      <ul
        id="chakra-toast-manager-bottom-left"
        style="position: fixed; z-index: 5500; pointer-events: none; display: flex; flex-direction: column;"
      />
      <ul
        id="chakra-toast-manager-bottom"
        style="position: fixed; z-index: 5500; pointer-events: none; display: flex; flex-direction: column; margin: 0px auto;"
      />
      <ul
        id="chakra-toast-manager-bottom-right"
        style="position: fixed; z-index: 5500; pointer-events: none; display: flex; flex-direction: column;"
      />
    </div>
    <div>
      <div
        class="css-136bud2"
      >
        <p
          class="chakra-text css-18fe8az"
        >
          Name
          : 
          <span
            class="chakra-text css-1au9iyi"
          >
            Pilot
          </span>
        </p>
        <p
          class="chakra-text css-18fe8az"
        >
          Episode
          : 
          <span
            class="chakra-text css-1au9iyi"
          >
            SO1E01
          </span>
        </p>
        <p
          class="chakra-text css-18fe8az"
        >
          Air Date
          : 
          <span
            class="chakra-text css-1au9iyi"
          >
            December 2, 2013
          </span>
        </p>
        <p
          class="chakra-text css-18fe8az"
        >
          Characters
          : 
          <span
            class="chakra-text css-1au9iyi"
          >
            Rick Sanchez, Morty Smith, Bepisian, Beth Smith, Canklanker Thom, Davin, Frank Palicky, Glenn, Hookah Alien, Jerry Smith, Jessica, Jessica's Friend, Mr. Goldenfold, Mrs. Sanchez, Principal Vagina, Summer Smith, Davin, Greebybobe, Pripudlian
          </span>
        </p>
      </div>
    </div>
  </body>,
  "container": <div>
    <div
      class="css-136bud2"
    >
      <p
        class="chakra-text css-18fe8az"
      >
        Name
        : 
        <span
          class="chakra-text css-1au9iyi"
        >
          Pilot
        </span>
      </p>
      <p
        class="chakra-text css-18fe8az"
      >
        Episode
        : 
        <span
          class="chakra-text css-1au9iyi"
        >
          SO1E01
        </span>
      </p>
      <p
        class="chakra-text css-18fe8az"
      >
        Air Date
        : 
        <span
          class="chakra-text css-1au9iyi"
        >
          December 2, 2013
        </span>
      </p>
      <p
        class="chakra-text css-18fe8az"
      >
        Characters
        : 
        <span
          class="chakra-text css-1au9iyi"
        >
          Rick Sanchez, Morty Smith, Bepisian, Beth Smith, Canklanker Thom, Davin, Frank Palicky, Glenn, Hookah Alien, Jerry Smith, Jessica, Jessica's Friend, Mr. Goldenfold, Mrs. Sanchez, Principal Vagina, Summer Smith, Davin, Greebybobe, Pripudlian
        </span>
      </p>
    </div>
  </div>,
  "debug": [Function],
  "findAllByAltText": [Function],
  "findAllByDisplayValue": [Function],
  "findAllByLabelText": [Function],
  "findAllByPlaceholderText": [Function],
  "findAllByRole": [Function],
  "findAllByTestId": [Function],
  "findAllByText": [Function],
  "findAllByTitle": [Function],
  "findByAltText": [Function],
  "findByDisplayValue": [Function],
  "findByLabelText": [Function],
  "findByPlaceholderText": [Function],
  "findByRole": [Function],
  "findByTestId": [Function],
  "findByText": [Function],
  "findByTitle": [Function],
  "getAllByAltText": [Function],
  "getAllByDisplayValue": [Function],
  "getAllByLabelText": [Function],
  "getAllByPlaceholderText": [Function],
  "getAllByRole": [Function],
  "getAllByTestId": [Function],
  "getAllByText": [Function],
  "getAllByTitle": [Function],
  "getByAltText": [Function],
  "getByDisplayValue": [Function],
  "getByLabelText": [Function],
  "getByPlaceholderText": [Function],
  "getByRole": [Function],
  "getByTestId": [Function],
  "getByText": [Function],
  "getByTitle": [Function],
  "queryAllByAltText": [Function],
  "queryAllByDisplayValue": [Function],
  "queryAllByLabelText": [Function],
  "queryAllByPlaceholderText": [Function],
  "queryAllByRole": [Function],
  "queryAllByTestId": [Function],
  "queryAllByText": [Function],
  "queryAllByTitle": [Function],
  "queryByAltText": [Function],
  "queryByDisplayValue": [Function],
  "queryByLabelText": [Function],
  "queryByPlaceholderText": [Function],
  "queryByRole": [Function],
  "queryByTestId": [Function],
  "queryByText": [Function],
  "queryByTitle": [Function],
  "rerender": [Function],
  "unmount": [Function],
}
`;
