// Jest Snapshot v1, https://goo.gl/fbAQLP

exports[`CharacterCard Component should renders correctly 1`] = `
Object {
  "asFragment": [Function],
  "baseElement": <body>
    <div
      id="chakra-toast-portal"
    >
      <ul
        id="chakra-toast-manager-top"
        style="position: fixed; z-index: 5500; pointer-events: none; display: flex; flex-direction: column; margin: 0px auto;"
      />
      <ul
        id="chakra-toast-manager-top-left"
        style="position: fixed; z-index: 5500; pointer-events: none; display: flex; flex-direction: column;"
      />
      <ul
        id="chakra-toast-manager-top-right"
        style="position: fixed; z-index: 5500; pointer-events: none; display: flex; flex-direction: column;"
      />
      <ul
        id="chakra-toast-manager-bottom-left"
        style="position: fixed; z-index: 5500; pointer-events: none; display: flex; flex-direction: column;"
      />
      <ul
        id="chakra-toast-manager-bottom"
        style="position: fixed; z-index: 5500; pointer-events: none; display: flex; flex-direction: column; margin: 0px auto;"
      />
      <ul
        id="chakra-toast-manager-bottom-right"
        style="position: fixed; z-index: 5500; pointer-events: none; display: flex; flex-direction: column;"
      />
    </div>
    <div>
      <div
        class="css-1bsv1wv"
      >
        <img
          class="chakra-image css-x8fuok"
          src="https://rickandmortyapi.com/api/character/avatar/2.jpeg"
        />
        <div
          class="css-1q3bl5i"
        >
          <p
            class="chakra-text css-18fe8az"
          >
            Name
            : 
            <span
              class="chakra-text css-1au9iyi"
            >
              Abradolf Lincler
            </span>
          </p>
          <p
            class="chakra-text css-18fe8az"
          >
            Species
            : 
            <span
              class="chakra-text css-1au9iyi"
            >
              Human
            </span>
          </p>
          <p
            class="chakra-text css-18fe8az"
          >
            Type
            : 
            <span
              class="chakra-text css-1au9iyi"
            >
              Genetic experiment
            </span>
          </p>
          <p
            class="chakra-text css-18fe8az"
          >
            Gender
            : 
            <span
              class="chakra-text css-1au9iyi"
            >
              Male
            </span>
          </p>
          <p
            class="chakra-text css-18fe8az"
          >
            Status
            : 
            <span
              class="chakra-text css-1au9iyi"
            >
              unknown
            </span>
          </p>
          <p
            class="chakra-text css-18fe8az"
          >
            Origin
            : 
            <span
              class="chakra-text css-1au9iyi"
            >
              Earth (Replacement Dimension)
            </span>
          </p>
          <p
            class="chakra-text css-18fe8az"
          >
            Episodes
            : 
            <span
              class="chakra-text css-1au9iyi"
            >
              10, 11
            </span>
          </p>
        </div>
      </div>
    </div>
  </body>,
  "container": <div>
    <div
      class="css-1bsv1wv"
    >
      <img
        class="chakra-image css-x8fuok"
        src="https://rickandmortyapi.com/api/character/avatar/2.jpeg"
      />
      <div
        class="css-1q3bl5i"
      >
        <p
          class="chakra-text css-18fe8az"
        >
          Name
          : 
          <span
            class="chakra-text css-1au9iyi"
          >
            Abradolf Lincler
          </span>
        </p>
        <p
          class="chakra-text css-18fe8az"
        >
          Species
          : 
          <span
            class="chakra-text css-1au9iyi"
          >
            Human
          </span>
        </p>
        <p
          class="chakra-text css-18fe8az"
        >
          Type
          : 
          <span
            class="chakra-text css-1au9iyi"
          >
            Genetic experiment
          </span>
        </p>
        <p
          class="chakra-text css-18fe8az"
        >
          Gender
          : 
          <span
            class="chakra-text css-1au9iyi"
          >
            Male
          </span>
        </p>
        <p
          class="chakra-text css-18fe8az"
        >
          Status
          : 
          <span
            class="chakra-text css-1au9iyi"
          >
            unknown
          </span>
        </p>
        <p
          class="chakra-text css-18fe8az"
        >
          Origin
          : 
          <span
            class="chakra-text css-1au9iyi"
          >
            Earth (Replacement Dimension)
          </span>
        </p>
        <p
          class="chakra-text css-18fe8az"
        >
          Episodes
          : 
          <span
            class="chakra-text css-1au9iyi"
          >
            10, 11
          </span>
        </p>
      </div>
    </div>
  </div>,
  "debug": [Function],
  "findAllByAltText": [Function],
  "findAllByDisplayValue": [Function],
  "findAllByLabelText": [Function],
  "findAllByPlaceholderText": [Function],
  "findAllByRole": [Function],
  "findAllByTestId": [Function],
  "findAllByText": [Function],
  "findAllByTitle": [Function],
  "findByAltText": [Function],
  "findByDisplayValue": [Function],
  "findByLabelText": [Function],
  "findByPlaceholderText": [Function],
  "findByRole": [Function],
  "findByTestId": [Function],
  "findByText": [Function],
  "findByTitle": [Function],
  "getAllByAltText": [Function],
  "getAllByDisplayValue": [Function],
  "getAllByLabelText": [Function],
  "getAllByPlaceholderText": [Function],
  "getAllByRole": [Function],
  "getAllByTestId": [Function],
  "getAllByText": [Function],
  "getAllByTitle": [Function],
  "getByAltText": [Function],
  "getByDisplayValue": [Function],
  "getByLabelText": [Function],
  "getByPlaceholderText": [Function],
  "getByRole": [Function],
  "getByTestId": [Function],
  "getByText": [Function],
  "getByTitle": [Function],
  "queryAllByAltText": [Function],
  "queryAllByDisplayValue": [Function],
  "queryAllByLabelText": [Function],
  "queryAllByPlaceholderText": [Function],
  "queryAllByRole": [Function],
  "queryAllByTestId": [Function],
  "queryAllByText": [Function],
  "queryAllByTitle": [Function],
  "queryByAltText": [Function],
  "queryByDisplayValue": [Function],
  "queryByLabelText": [Function],
  "queryByPlaceholderText": [Function],
  "queryByRole": [Function],
  "queryByTestId": [Function],
  "queryByText": [Function],
  "queryByTitle": [Function],
  "rerender": [Function],
  "unmount": [Function],
}
`;
